- layers (3ndna ri wa7da wkhas ykoun ktar)
- fix 60FPS

- enemies.js:89 Uncaught TypeError: Cannot read properties of undefined (reading '13')
    at Enemies.checkForCollision (enemies.js:89:33)
    at Enemies.update (enemies.js:61:19)
    at game.js:65:23
    at Array.forEach (<anonymous>)
    at Game.update (game.js:64:26)
    at animate (main.js:47:10)

- menu's responsive mazalaa


DONE : 
OPTIONAL:
    - ndirou 3 niveaux dyal s3obia :
        - easy fih 4 enemies, l poison blach, max dl7ayat howa 5
        - medium fih 6 enemies, max dl7ayat howa 4
        - hard fih 4 enemies ka start wmn ba3d kola 5seconds kitwad enemy jdid, max dl7ayat howa 3